Archive member included to satisfy reference by file (symbol)

c:/program files (x86)/atmel/studio/7.0/toolchain/avr8/avr8-gnu-toolchain/bin/../lib/gcc/avr/5.4.0/avr5\libgcc.a(_exit.o)
                              C:/Program Files (x86)/Atmel/Studio/7.0/Packs/atmel/ATmega_DFP/1.7.374/gcc/dev/atmega32a/avr5/crtatmega32a.o (exit)
c:/program files (x86)/atmel/studio/7.0/toolchain/avr8/avr8-gnu-toolchain/bin/../lib/gcc/avr/5.4.0/avr5\libgcc.a(_copy_data.o)
                              App/App.o (__do_copy_data)
c:/program files (x86)/atmel/studio/7.0/toolchain/avr8/avr8-gnu-toolchain/bin/../lib/gcc/avr/5.4.0/avr5\libgcc.a(_clear_bss.o)
                              App/App.o (__do_clear_bss)

Discarded input sections

 .data          0x00000000        0x0 C:/Program Files (x86)/Atmel/Studio/7.0/Packs/atmel/ATmega_DFP/1.7.374/gcc/dev/atmega32a/avr5/crtatmega32a.o
 .bss           0x00000000        0x0 C:/Program Files (x86)/Atmel/Studio/7.0/Packs/atmel/ATmega_DFP/1.7.374/gcc/dev/atmega32a/avr5/crtatmega32a.o
 .text          0x00000000        0x0 App/App.o
 .data          0x00000000        0x0 App/App.o
 .bss           0x00000000        0x0 App/App.o
 .text.Test_Drivers
                0x00000000       0x6a App/App.o
 .text.Test_ExternalInterrupt
                0x00000000       0x18 App/App.o
 .data.CTC_Counter_test
                0x00000000        0x2 App/App.o
 .bss.stateCounter_test
                0x00000000        0x1 App/App.o
 .text          0x00000000        0x0 HAL/LED Driver/LED.o
 .data          0x00000000        0x0 HAL/LED Driver/LED.o
 .bss           0x00000000        0x0 HAL/LED Driver/LED.o
 .text          0x00000000        0x0 main.o
 .data          0x00000000        0x0 main.o
 .bss           0x00000000        0x0 main.o
 .text          0x00000000        0x0 MCAL/Dio Driver/Dio_program.o
 .data          0x00000000        0x0 MCAL/Dio Driver/Dio_program.o
 .bss           0x00000000        0x0 MCAL/Dio Driver/Dio_program.o
 .text.DIO_SetPortValue
                0x00000000       0x28 MCAL/Dio Driver/Dio_program.o
 .text.DIO_ReadPort
                0x00000000       0x36 MCAL/Dio Driver/Dio_program.o
 .text          0x00000000        0x0 MCAL/External interrupt Driver/Interrupt_program.o
 .data          0x00000000        0x0 MCAL/External interrupt Driver/Interrupt_program.o
 .bss           0x00000000        0x0 MCAL/External interrupt Driver/Interrupt_program.o
 .text          0x00000000        0x0 MCAL/Internal Interrrupt Driver/Internal_Interrupt.o
 .data          0x00000000        0x0 MCAL/Internal Interrrupt Driver/Internal_Interrupt.o
 .bss           0x00000000        0x0 MCAL/Internal Interrrupt Driver/Internal_Interrupt.o
 .text.Internal_Interrupt_Disable
                0x00000000        0x8 MCAL/Internal Interrrupt Driver/Internal_Interrupt.o
 .text          0x00000000        0x0 MCAL/Timer Driver/Timer_program.o
 .data          0x00000000        0x0 MCAL/Timer Driver/Timer_program.o
 .bss           0x00000000        0x0 MCAL/Timer Driver/Timer_program.o
 .text.Timer0_SetPreload
                0x00000000        0x4 MCAL/Timer Driver/Timer_program.o
 .text.Timer0_OVERFLOW_CALLBACK
                0x00000000       0x1a MCAL/Timer Driver/Timer_program.o
 .text          0x00000000        0x0 c:/program files (x86)/atmel/studio/7.0/toolchain/avr8/avr8-gnu-toolchain/bin/../lib/gcc/avr/5.4.0/avr5\libgcc.a(_exit.o)
 .data          0x00000000        0x0 c:/program files (x86)/atmel/studio/7.0/toolchain/avr8/avr8-gnu-toolchain/bin/../lib/gcc/avr/5.4.0/avr5\libgcc.a(_exit.o)
 .bss           0x00000000        0x0 c:/program files (x86)/atmel/studio/7.0/toolchain/avr8/avr8-gnu-toolchain/bin/../lib/gcc/avr/5.4.0/avr5\libgcc.a(_exit.o)
 .text.libgcc.mul
                0x00000000        0x0 c:/program files (x86)/atmel/studio/7.0/toolchain/avr8/avr8-gnu-toolchain/bin/../lib/gcc/avr/5.4.0/avr5\libgcc.a(_exit.o)
 .text.libgcc.div
                0x00000000        0x0 c:/program files (x86)/atmel/studio/7.0/toolchain/avr8/avr8-gnu-toolchain/bin/../lib/gcc/avr/5.4.0/avr5\libgcc.a(_exit.o)
 .text.libgcc   0x00000000        0x0 c:/program files (x86)/atmel/studio/7.0/toolchain/avr8/avr8-gnu-toolchain/bin/../lib/gcc/avr/5.4.0/avr5\libgcc.a(_exit.o)
 .text.libgcc.prologue
                0x00000000        0x0 c:/program files (x86)/atmel/studio/7.0/toolchain/avr8/avr8-gnu-toolchain/bin/../lib/gcc/avr/5.4.0/avr5\libgcc.a(_exit.o)
 .text.libgcc.builtins
                0x00000000        0x0 c:/program files (x86)/atmel/studio/7.0/toolchain/avr8/avr8-gnu-toolchain/bin/../lib/gcc/avr/5.4.0/avr5\libgcc.a(_exit.o)
 .text.libgcc.fmul
                0x00000000        0x0 c:/program files (x86)/atmel/studio/7.0/toolchain/avr8/avr8-gnu-toolchain/bin/../lib/gcc/avr/5.4.0/avr5\libgcc.a(_exit.o)
 .text.libgcc.fixed
                0x00000000        0x0 c:/program files (x86)/atmel/studio/7.0/toolchain/avr8/avr8-gnu-toolchain/bin/../lib/gcc/avr/5.4.0/avr5\libgcc.a(_exit.o)
 .text          0x00000000        0x0 c:/program files (x86)/atmel/studio/7.0/toolchain/avr8/avr8-gnu-toolchain/bin/../lib/gcc/avr/5.4.0/avr5\libgcc.a(_copy_data.o)
 .data          0x00000000        0x0 c:/program files (x86)/atmel/studio/7.0/toolchain/avr8/avr8-gnu-toolchain/bin/../lib/gcc/avr/5.4.0/avr5\libgcc.a(_copy_data.o)
 .bss           0x00000000        0x0 c:/program files (x86)/atmel/studio/7.0/toolchain/avr8/avr8-gnu-toolchain/bin/../lib/gcc/avr/5.4.0/avr5\libgcc.a(_copy_data.o)
 .text.libgcc.mul
                0x00000000        0x0 c:/program files (x86)/atmel/studio/7.0/toolchain/avr8/avr8-gnu-toolchain/bin/../lib/gcc/avr/5.4.0/avr5\libgcc.a(_copy_data.o)
 .text.libgcc.div
                0x00000000        0x0 c:/program files (x86)/atmel/studio/7.0/toolchain/avr8/avr8-gnu-toolchain/bin/../lib/gcc/avr/5.4.0/avr5\libgcc.a(_copy_data.o)
 .text.libgcc   0x00000000        0x0 c:/program files (x86)/atmel/studio/7.0/toolchain/avr8/avr8-gnu-toolchain/bin/../lib/gcc/avr/5.4.0/avr5\libgcc.a(_copy_data.o)
 .text.libgcc.prologue
                0x00000000        0x0 c:/program files (x86)/atmel/studio/7.0/toolchain/avr8/avr8-gnu-toolchain/bin/../lib/gcc/avr/5.4.0/avr5\libgcc.a(_copy_data.o)
 .text.libgcc.builtins
                0x00000000        0x0 c:/program files (x86)/atmel/studio/7.0/toolchain/avr8/avr8-gnu-toolchain/bin/../lib/gcc/avr/5.4.0/avr5\libgcc.a(_copy_data.o)
 .text.libgcc.fmul
                0x00000000        0x0 c:/program files (x86)/atmel/studio/7.0/toolchain/avr8/avr8-gnu-toolchain/bin/../lib/gcc/avr/5.4.0/avr5\libgcc.a(_copy_data.o)
 .text.libgcc.fixed
                0x00000000        0x0 c:/program files (x86)/atmel/studio/7.0/toolchain/avr8/avr8-gnu-toolchain/bin/../lib/gcc/avr/5.4.0/avr5\libgcc.a(_copy_data.o)
 .text          0x00000000        0x0 c:/program files (x86)/atmel/studio/7.0/toolchain/avr8/avr8-gnu-toolchain/bin/../lib/gcc/avr/5.4.0/avr5\libgcc.a(_clear_bss.o)
 .data          0x00000000        0x0 c:/program files (x86)/atmel/studio/7.0/toolchain/avr8/avr8-gnu-toolchain/bin/../lib/gcc/avr/5.4.0/avr5\libgcc.a(_clear_bss.o)
 .bss           0x00000000        0x0 c:/program files (x86)/atmel/studio/7.0/toolchain/avr8/avr8-gnu-toolchain/bin/../lib/gcc/avr/5.4.0/avr5\libgcc.a(_clear_bss.o)
 .text.libgcc.mul
                0x00000000        0x0 c:/program files (x86)/atmel/studio/7.0/toolchain/avr8/avr8-gnu-toolchain/bin/../lib/gcc/avr/5.4.0/avr5\libgcc.a(_clear_bss.o)
 .text.libgcc.div
                0x00000000        0x0 c:/program files (x86)/atmel/studio/7.0/toolchain/avr8/avr8-gnu-toolchain/bin/../lib/gcc/avr/5.4.0/avr5\libgcc.a(_clear_bss.o)
 .text.libgcc   0x00000000        0x0 c:/program files (x86)/atmel/studio/7.0/toolchain/avr8/avr8-gnu-toolchain/bin/../lib/gcc/avr/5.4.0/avr5\libgcc.a(_clear_bss.o)
 .text.libgcc.prologue
                0x00000000        0x0 c:/program files (x86)/atmel/studio/7.0/toolchain/avr8/avr8-gnu-toolchain/bin/../lib/gcc/avr/5.4.0/avr5\libgcc.a(_clear_bss.o)
 .text.libgcc.builtins
                0x00000000        0x0 c:/program files (x86)/atmel/studio/7.0/toolchain/avr8/avr8-gnu-toolchain/bin/../lib/gcc/avr/5.4.0/avr5\libgcc.a(_clear_bss.o)
 .text.libgcc.fmul
                0x00000000        0x0 c:/program files (x86)/atmel/studio/7.0/toolchain/avr8/avr8-gnu-toolchain/bin/../lib/gcc/avr/5.4.0/avr5\libgcc.a(_clear_bss.o)
 .text.libgcc.fixed
                0x00000000        0x0 c:/program files (x86)/atmel/studio/7.0/toolchain/avr8/avr8-gnu-toolchain/bin/../lib/gcc/avr/5.4.0/avr5\libgcc.a(_clear_bss.o)

Memory Configuration

Name             Origin             Length             Attributes
text             0x00000000         0x00008000         xr
data             0x00800060         0x00000800         rw !x
eeprom           0x00810000         0x00000400         rw !x
fuse             0x00820000         0x00000002         rw !x
lock             0x00830000         0x00000400         rw !x
signature        0x00840000         0x00000400         rw !x
user_signatures  0x00850000         0x00000400         rw !x
*default*        0x00000000         0xffffffff

Linker script and memory map

LOAD C:/Program Files (x86)/Atmel/Studio/7.0/Packs/atmel/ATmega_DFP/1.7.374/gcc/dev/atmega32a/avr5/crtatmega32a.o
LOAD App/App.o
LOAD HAL/LED Driver/LED.o
LOAD main.o
LOAD MCAL/Dio Driver/Dio_program.o
LOAD MCAL/External interrupt Driver/Interrupt_program.o
LOAD MCAL/Internal Interrrupt Driver/Internal_Interrupt.o
LOAD MCAL/Timer Driver/Timer_program.o
START GROUP
LOAD c:/program files (x86)/atmel/studio/7.0/toolchain/avr8/avr8-gnu-toolchain/bin/../lib/gcc/avr/5.4.0/../../../../avr/lib/avr5\libm.a
END GROUP
START GROUP
LOAD c:/program files (x86)/atmel/studio/7.0/toolchain/avr8/avr8-gnu-toolchain/bin/../lib/gcc/avr/5.4.0/avr5\libgcc.a
LOAD c:/program files (x86)/atmel/studio/7.0/toolchain/avr8/avr8-gnu-toolchain/bin/../lib/gcc/avr/5.4.0/../../../../avr/lib/avr5\libm.a
LOAD c:/program files (x86)/atmel/studio/7.0/toolchain/avr8/avr8-gnu-toolchain/bin/../lib/gcc/avr/5.4.0/../../../../avr/lib/avr5\libc.a
LOAD C:/Program Files (x86)/Atmel/Studio/7.0/Packs/atmel/ATmega_DFP/1.7.374/gcc/dev/atmega32a/avr5\libatmega32a.a
END GROUP
                [0x00000000]                __TEXT_REGION_ORIGIN__ = DEFINED (__TEXT_REGION_ORIGIN__)?__TEXT_REGION_ORIGIN__:0x0
                [0x00800060]                __DATA_REGION_ORIGIN__ = DEFINED (__DATA_REGION_ORIGIN__)?__DATA_REGION_ORIGIN__:0x800060
                [0x00008000]                __TEXT_REGION_LENGTH__ = DEFINED (__TEXT_REGION_LENGTH__)?__TEXT_REGION_LENGTH__:0x20000
                [0x00000800]                __DATA_REGION_LENGTH__ = DEFINED (__DATA_REGION_LENGTH__)?__DATA_REGION_LENGTH__:0xffa0
                [0x00000400]                __EEPROM_REGION_LENGTH__ = DEFINED (__EEPROM_REGION_LENGTH__)?__EEPROM_REGION_LENGTH__:0x10000
                [0x00000002]                __FUSE_REGION_LENGTH__ = DEFINED (__FUSE_REGION_LENGTH__)?__FUSE_REGION_LENGTH__:0x400
                0x00000400                __LOCK_REGION_LENGTH__ = DEFINED (__LOCK_REGION_LENGTH__)?__LOCK_REGION_LENGTH__:0x400
                0x00000400                __SIGNATURE_REGION_LENGTH__ = DEFINED (__SIGNATURE_REGION_LENGTH__)?__SIGNATURE_REGION_LENGTH__:0x400
                0x00000400                __USER_SIGNATURE_REGION_LENGTH__ = DEFINED (__USER_SIGNATURE_REGION_LENGTH__)?__USER_SIGNATURE_REGION_LENGTH__:0x400

.hash
 *(.hash)

.dynsym
 *(.dynsym)

.dynstr
 *(.dynstr)

.gnu.version
 *(.gnu.version)

.gnu.version_d
 *(.gnu.version_d)

.gnu.version_r
 *(.gnu.version_r)

.rel.init
 *(.rel.init)

.rela.init
 *(.rela.init)

.rel.text
 *(.rel.text)
 *(.rel.text.*)
 *(.rel.gnu.linkonce.t*)

.rela.text
 *(.rela.text)
 *(.rela.text.*)
 *(.rela.gnu.linkonce.t*)

.rel.fini
 *(.rel.fini)

.rela.fini
 *(.rela.fini)

.rel.rodata
 *(.rel.rodata)
 *(.rel.rodata.*)
 *(.rel.gnu.linkonce.r*)

.rela.rodata
 *(.rela.rodata)
 *(.rela.rodata.*)
 *(.rela.gnu.linkonce.r*)

.rel.data
 *(.rel.data)
 *(.rel.data.*)
 *(.rel.gnu.linkonce.d*)

.rela.data
 *(.rela.data)
 *(.rela.data.*)
 *(.rela.gnu.linkonce.d*)

.rel.ctors
 *(.rel.ctors)

.rela.ctors
 *(.rela.ctors)

.rel.dtors
 *(.rel.dtors)

.rela.dtors
 *(.rela.dtors)

.rel.got
 *(.rel.got)

.rela.got
 *(.rela.got)

.rel.bss
 *(.rel.bss)

.rela.bss
 *(.rela.bss)

.rel.plt
 *(.rel.plt)

.rela.plt
 *(.rela.plt)

.text           0x00000000      0x780
 *(.vectors)
 .vectors       0x00000000       0x54 C:/Program Files (x86)/Atmel/Studio/7.0/Packs/atmel/ATmega_DFP/1.7.374/gcc/dev/atmega32a/avr5/crtatmega32a.o
                0x00000000                __vector_default
                0x00000000                __vectors
 *(.vectors)
 *(.progmem.gcc*)
                0x00000054                . = ALIGN (0x2)
                0x00000054                __trampolines_start = .
 *(.trampolines)
 .trampolines   0x00000054        0x0 linker stubs
 *(.trampolines*)
                0x00000054                __trampolines_end = .
 *libprintf_flt.a:*(.progmem.data)
 *libc.a:*(.progmem.data)
 *(.progmem*)
                0x00000054                . = ALIGN (0x2)
 *(.jumptables)
 *(.jumptables*)
 *(.lowtext)
 *(.lowtext*)
                0x00000054                __ctors_start = .
 *(.ctors)
                0x00000054                __ctors_end = .
                0x00000054                __dtors_start = .
 *(.dtors)
                0x00000054                __dtors_end = .
 SORT(*)(.ctors)
 SORT(*)(.dtors)
 *(.init0)
 .init0         0x00000054        0x0 C:/Program Files (x86)/Atmel/Studio/7.0/Packs/atmel/ATmega_DFP/1.7.374/gcc/dev/atmega32a/avr5/crtatmega32a.o
                0x00000054                __init
 *(.init0)
 *(.init1)
 *(.init1)
 *(.init2)
 .init2         0x00000054        0xc C:/Program Files (x86)/Atmel/Studio/7.0/Packs/atmel/ATmega_DFP/1.7.374/gcc/dev/atmega32a/avr5/crtatmega32a.o
 *(.init2)
 *(.init3)
 *(.init3)
 *(.init4)
 .init4         0x00000060       0x16 c:/program files (x86)/atmel/studio/7.0/toolchain/avr8/avr8-gnu-toolchain/bin/../lib/gcc/avr/5.4.0/avr5\libgcc.a(_copy_data.o)
                0x00000060                __do_copy_data
 .init4         0x00000076       0x10 c:/program files (x86)/atmel/studio/7.0/toolchain/avr8/avr8-gnu-toolchain/bin/../lib/gcc/avr/5.4.0/avr5\libgcc.a(_clear_bss.o)
                0x00000076                __do_clear_bss
 *(.init4)
 *(.init5)
 *(.init5)
 *(.init6)
 *(.init6)
 *(.init7)
 *(.init7)
 *(.init8)
 *(.init8)
 *(.init9)
 .init9         0x00000086        0x8 C:/Program Files (x86)/Atmel/Studio/7.0/Packs/atmel/ATmega_DFP/1.7.374/gcc/dev/atmega32a/avr5/crtatmega32a.o
 *(.init9)
 *(.text)
 .text          0x0000008e        0x4 C:/Program Files (x86)/Atmel/Studio/7.0/Packs/atmel/ATmega_DFP/1.7.374/gcc/dev/atmega32a/avr5/crtatmega32a.o
                0x0000008e                __vector_12
                0x0000008e                __bad_interrupt
                0x0000008e                __vector_6
                0x0000008e                __vector_3
                0x0000008e                __vector_13
                0x0000008e                __vector_17
                0x0000008e                __vector_19
                0x0000008e                __vector_7
                0x0000008e                __vector_5
                0x0000008e                __vector_4
                0x0000008e                __vector_9
                0x0000008e                __vector_2
                0x0000008e                __vector_15
                0x0000008e                __vector_8
                0x0000008e                __vector_14
                0x0000008e                __vector_16
                0x0000008e                __vector_18
                0x0000008e                __vector_20
                0x00000092                . = ALIGN (0x2)
 *(.text.*)
 .text.Normal_mode
                0x00000092      0x184 App/App.o
                0x00000092                Normal_mode
 .text.Pedestrian_mode
                0x00000216       0x32 App/App.o
                0x00000216                Pedestrian_mode
 .text.app_init
                0x00000248       0x4c App/App.o
                0x00000248                app_init
 .text.app_start
                0x00000294       0x12 App/App.o
                0x00000294                app_start
 .text.Led_ON   0x000002a6        0xe HAL/LED Driver/LED.o
                0x000002a6                Led_ON
 .text.Led_BLINKING
                0x000002b4        0xc HAL/LED Driver/LED.o
                0x000002b4                Led_BLINKING
 .text.Led_OFF  0x000002c0        0xe HAL/LED Driver/LED.o
                0x000002c0                Led_OFF
 .text.main     0x000002ce        0xa main.o
                0x000002ce                main
 .text.DIO_SetPortDirection
                0x000002d8       0x24 MCAL/Dio Driver/Dio_program.o
                0x000002d8                DIO_SetPortDirection
 .text.DIO_SetPinDirection
                0x000002fc      0x112 MCAL/Dio Driver/Dio_program.o
                0x000002fc                DIO_SetPinDirection
 .text.DIO_SetPinValue
                0x0000040e      0x112 MCAL/Dio Driver/Dio_program.o
                0x0000040e                DIO_SetPinValue
 .text.DIO_ReadPin
                0x00000520       0x7c MCAL/Dio Driver/Dio_program.o
                0x00000520                DIO_ReadPin
 .text.DIO_TogglePin
                0x0000059c       0x7c MCAL/Dio Driver/Dio_program.o
                0x0000059c                DIO_TogglePin
 .text.ExternalInterrupt0_Init
                0x00000618       0x14 MCAL/External interrupt Driver/Interrupt_program.o
                0x00000618                ExternalInterrupt0_Init
 .text.ExternalInterrupt0_CallBack
                0x0000062c        0xe MCAL/External interrupt Driver/Interrupt_program.o
                0x0000062c                ExternalInterrupt0_CallBack
 .text.__vector_1
                0x0000063a       0x52 MCAL/External interrupt Driver/Interrupt_program.o
                0x0000063a                __vector_1
 .text.Internal_Interrupt_Enable
                0x0000068c        0x8 MCAL/Internal Interrrupt Driver/Internal_Interrupt.o
                0x0000068c                Internal_Interrupt_Enable
 .text.Timer0_Init
                0x00000694       0x32 MCAL/Timer Driver/Timer_program.o
                0x00000694                Timer0_Init
 .text.Timer0_SetCTC
                0x000006c6        0x4 MCAL/Timer Driver/Timer_program.o
                0x000006c6                Timer0_SetCTC
 .text.Timer0_CTC_CALLBACK
                0x000006ca        0xe MCAL/Timer Driver/Timer_program.o
                0x000006ca                Timer0_CTC_CALLBACK
 .text.__vector_10
                0x000006d8       0x52 MCAL/Timer Driver/Timer_program.o
                0x000006d8                __vector_10
 .text.__vector_11
                0x0000072a       0x52 MCAL/Timer Driver/Timer_program.o
                0x0000072a                __vector_11
                0x0000077c                . = ALIGN (0x2)
 *(.fini9)
 .fini9         0x0000077c        0x0 c:/program files (x86)/atmel/studio/7.0/toolchain/avr8/avr8-gnu-toolchain/bin/../lib/gcc/avr/5.4.0/avr5\libgcc.a(_exit.o)
                0x0000077c                _exit
                0x0000077c                exit
 *(.fini9)
 *(.fini8)
 *(.fini8)
 *(.fini7)
 *(.fini7)
 *(.fini6)
 *(.fini6)
 *(.fini5)
 *(.fini5)
 *(.fini4)
 *(.fini4)
 *(.fini3)
 *(.fini3)
 *(.fini2)
 *(.fini2)
 *(.fini1)
 *(.fini1)
 *(.fini0)
 .fini0         0x0000077c        0x4 c:/program files (x86)/atmel/studio/7.0/toolchain/avr8/avr8-gnu-toolchain/bin/../lib/gcc/avr/5.4.0/avr5\libgcc.a(_exit.o)
 *(.fini0)
                0x00000780                _etext = .

.data           0x00800060        0x2 load address 0x00000780
                0x00800060                PROVIDE (__data_start, .)
 *(.data)
 *(.data*)
 .data.flag_1   0x00800060        0x1 App/App.o
                0x00800060                flag_1
 .data.state    0x00800061        0x1 App/App.o
                0x00800061                state
 *(.gnu.linkonce.d*)
 *(.rodata)
 *(.rodata*)
 *(.gnu.linkonce.r*)
                0x00800062                . = ALIGN (0x2)
                0x00800062                _edata = .
                0x00800062                PROVIDE (__data_end, .)

.bss            0x00800062        0xb
                0x00800062                PROVIDE (__bss_start, .)
 *(.bss)
 *(.bss*)
 .bss.flag_2    0x00800062        0x1 App/App.o
                0x00800062                flag_2
 .bss.flag      0x00800063        0x1 App/App.o
                0x00800063                flag
 .bss.CTC_Counter
                0x00800064        0x2 App/App.o
 .bss.stateCounter
                0x00800066        0x1 App/App.o
 .bss.Glob_ExternalInterrupt_ISR_Ptr
                0x00800067        0x2 MCAL/External interrupt Driver/Interrupt_program.o
                0x00800067                Glob_ExternalInterrupt_ISR_Ptr
 .bss.Glob_CTC_ISR_Ptr
                0x00800069        0x2 MCAL/Timer Driver/Timer_program.o
                0x00800069                Glob_CTC_ISR_Ptr
 .bss.Glob_OverflowISR_Ptr
                0x0080006b        0x2 MCAL/Timer Driver/Timer_program.o
                0x0080006b                Glob_OverflowISR_Ptr
 *(COMMON)
                0x0080006d                PROVIDE (__bss_end, .)
                0x00000780                __data_load_start = LOADADDR (.data)
                0x00000782                __data_load_end = (__data_load_start + SIZEOF (.data))

.noinit         0x0080006d        0x0
                [!provide]                PROVIDE (__noinit_start, .)
 *(.noinit*)
                [!provide]                PROVIDE (__noinit_end, .)
                0x0080006d                _end = .
                [!provide]                PROVIDE (__heap_start, .)

.eeprom         0x00810000        0x0
 *(.eeprom*)
                0x00810000                __eeprom_end = .

.fuse
 *(.fuse)
 *(.lfuse)
 *(.hfuse)
 *(.efuse)

.lock
 *(.lock*)

.signature
 *(.signature*)

.user_signatures
 *(.user_signatures*)

.stab
 *(.stab)

.stabstr
 *(.stabstr)

.stab.excl
 *(.stab.excl)

.stab.exclstr
 *(.stab.exclstr)

.stab.index
 *(.stab.index)

.stab.indexstr
 *(.stab.indexstr)

.comment        0x00000000       0x30
 *(.comment)
 .comment       0x00000000       0x30 App/App.o
                                 0x31 (size before relaxing)
 .comment       0x00000030       0x31 HAL/LED Driver/LED.o
 .comment       0x00000030       0x31 main.o
 .comment       0x00000030       0x31 MCAL/Dio Driver/Dio_program.o
 .comment       0x00000030       0x31 MCAL/External interrupt Driver/Interrupt_program.o
 .comment       0x00000030       0x31 MCAL/Internal Interrrupt Driver/Internal_Interrupt.o
 .comment       0x00000030       0x31 MCAL/Timer Driver/Timer_program.o

.note.gnu.avr.deviceinfo
                0x00000000       0x3c
 .note.gnu.avr.deviceinfo
                0x00000000       0x3c C:/Program Files (x86)/Atmel/Studio/7.0/Packs/atmel/ATmega_DFP/1.7.374/gcc/dev/atmega32a/avr5/crtatmega32a.o

.note.gnu.build-id
 *(.note.gnu.build-id)

.debug
 *(.debug)

.line
 *(.line)

.debug_srcinfo
 *(.debug_srcinfo)

.debug_sfnames
 *(.debug_sfnames)

.debug_aranges  0x00000000      0x190
 *(.debug_aranges)
 .debug_aranges
                0x00000000       0x48 App/App.o
 .debug_aranges
                0x00000048       0x30 HAL/LED Driver/LED.o
 .debug_aranges
                0x00000078       0x20 main.o
 .debug_aranges
                0x00000098       0x50 MCAL/Dio Driver/Dio_program.o
 .debug_aranges
                0x000000e8       0x30 MCAL/External interrupt Driver/Interrupt_program.o
 .debug_aranges
                0x00000118       0x28 MCAL/Internal Interrrupt Driver/Internal_Interrupt.o
 .debug_aranges
                0x00000140       0x50 MCAL/Timer Driver/Timer_program.o

.debug_pubnames
 *(.debug_pubnames)

.debug_info     0x00000000     0x1192
 *(.debug_info .gnu.linkonce.wi.*)
 .debug_info    0x00000000      0x4e6 C:/Program Files (x86)/Atmel/Studio/7.0/Packs/atmel/ATmega_DFP/1.7.374/gcc/dev/atmega32a/avr5/crtatmega32a.o
 .debug_info    0x000004e6      0x58a App/App.o
 .debug_info    0x00000a70      0x18b HAL/LED Driver/LED.o
 .debug_info    0x00000bfb       0xa7 main.o
 .debug_info    0x00000ca2      0x21e MCAL/Dio Driver/Dio_program.o
 .debug_info    0x00000ec0       0xd1 MCAL/External interrupt Driver/Interrupt_program.o
 .debug_info    0x00000f91       0x8b MCAL/Internal Interrrupt Driver/Internal_Interrupt.o
 .debug_info    0x0000101c      0x176 MCAL/Timer Driver/Timer_program.o

.debug_abbrev   0x00000000      0x8b1
 *(.debug_abbrev)
 .debug_abbrev  0x00000000      0x4a3 C:/Program Files (x86)/Atmel/Studio/7.0/Packs/atmel/ATmega_DFP/1.7.374/gcc/dev/atmega32a/avr5/crtatmega32a.o
 .debug_abbrev  0x000004a3       0xe4 App/App.o
 .debug_abbrev  0x00000587       0x8b HAL/LED Driver/LED.o
 .debug_abbrev  0x00000612       0x68 main.o
 .debug_abbrev  0x0000067a       0x96 MCAL/Dio Driver/Dio_program.o
 .debug_abbrev  0x00000710       0xa6 MCAL/External interrupt Driver/Interrupt_program.o
 .debug_abbrev  0x000007b6       0x46 MCAL/Internal Interrrupt Driver/Internal_Interrupt.o
 .debug_abbrev  0x000007fc       0xb5 MCAL/Timer Driver/Timer_program.o

.debug_line     0x00000000      0xcae
 *(.debug_line .debug_line.* .debug_line_end)
 .debug_line    0x00000000      0x116 C:/Program Files (x86)/Atmel/Studio/7.0/Packs/atmel/ATmega_DFP/1.7.374/gcc/dev/atmega32a/avr5/crtatmega32a.o
 .debug_line    0x00000116      0x469 App/App.o
 .debug_line    0x0000057f      0x114 HAL/LED Driver/LED.o
 .debug_line    0x00000693       0x57 main.o
 .debug_line    0x000006ea      0x2c1 MCAL/Dio Driver/Dio_program.o
 .debug_line    0x000009ab       0xea MCAL/External interrupt Driver/Interrupt_program.o
 .debug_line    0x00000a95       0xb9 MCAL/Internal Interrrupt Driver/Internal_Interrupt.o
 .debug_line    0x00000b4e      0x160 MCAL/Timer Driver/Timer_program.o

.debug_frame    0x00000000      0x334
 *(.debug_frame)
 .debug_frame   0x00000000       0x74 App/App.o
 .debug_frame   0x00000074       0x44 HAL/LED Driver/LED.o
 .debug_frame   0x000000b8       0x24 main.o
 .debug_frame   0x000000dc       0x84 MCAL/Dio Driver/Dio_program.o
 .debug_frame   0x00000160       0x8c MCAL/External interrupt Driver/Interrupt_program.o
 .debug_frame   0x000001ec       0x34 MCAL/Internal Interrrupt Driver/Internal_Interrupt.o
 .debug_frame   0x00000220      0x114 MCAL/Timer Driver/Timer_program.o

.debug_str      0x00000000      0x753
 *(.debug_str)
 .debug_str     0x00000000      0x196 C:/Program Files (x86)/Atmel/Studio/7.0/Packs/atmel/ATmega_DFP/1.7.374/gcc/dev/atmega32a/avr5/crtatmega32a.o
 .debug_str     0x00000196      0x32a App/App.o
                                0x35e (size before relaxing)
 .debug_str     0x000004c0       0x60 HAL/LED Driver/LED.o
                                0x1d6 (size before relaxing)
 .debug_str     0x00000520       0x76 main.o
                                0x180 (size before relaxing)
 .debug_str     0x00000596       0x4b MCAL/Dio Driver/Dio_program.o
                                0x22b (size before relaxing)
 .debug_str     0x000005e1       0x76 MCAL/External interrupt Driver/Interrupt_program.o
                                0x1f4 (size before relaxing)
 .debug_str     0x00000657       0x53 MCAL/Internal Interrrupt Driver/Internal_Interrupt.o
                                0x1b7 (size before relaxing)
 .debug_str     0x000006aa       0xa9 MCAL/Timer Driver/Timer_program.o
                                0x229 (size before relaxing)

.debug_loc      0x00000000      0xa65
 *(.debug_loc)
 .debug_loc     0x00000000      0x108 HAL/LED Driver/LED.o
 .debug_loc     0x00000108      0x6fc MCAL/Dio Driver/Dio_program.o
 .debug_loc     0x00000804       0xcb MCAL/External interrupt Driver/Interrupt_program.o
 .debug_loc     0x000008cf      0x196 MCAL/Timer Driver/Timer_program.o

.debug_macinfo
 *(.debug_macinfo)

.debug_weaknames
 *(.debug_weaknames)

.debug_funcnames
 *(.debug_funcnames)

.debug_typenames
 *(.debug_typenames)

.debug_varnames
 *(.debug_varnames)

.debug_pubtypes
 *(.debug_pubtypes)

.debug_ranges   0x00000000      0x120
 *(.debug_ranges)
 .debug_ranges  0x00000000       0x38 App/App.o
 .debug_ranges  0x00000038       0x20 HAL/LED Driver/LED.o
 .debug_ranges  0x00000058       0x10 main.o
 .debug_ranges  0x00000068       0x40 MCAL/Dio Driver/Dio_program.o
 .debug_ranges  0x000000a8       0x20 MCAL/External interrupt Driver/Interrupt_program.o
 .debug_ranges  0x000000c8       0x18 MCAL/Internal Interrrupt Driver/Internal_Interrupt.o
 .debug_ranges  0x000000e0       0x40 MCAL/Timer Driver/Timer_program.o

.debug_macro
 *(.debug_macro)
OUTPUT(Traffic light.elf elf32-avr)
LOAD linker stubs
